src/app/profile/page.tsx(28,28): error TS2307: Cannot find module '@/hooks/getCurrentUser' or its corresponding type declarations.
src/app/view-product/[id]/page.tsx(24,32): error TS2307: Cannot find module '@/hooks/getAllProductsData' or its corresponding type declarations.
src/component/adminDashboard.tsx(4,28): error TS2307: Cannot find module '@/hooks/getCurrentUser' or its corresponding type declarations.
src/component/allOrderAdmin.tsx(7,30): error TS2307: Cannot find module '@/hooks/getAllOrderData' or its corresponding type declarations.
src/component/ProductRequest.tsx(8,32): error TS2307: Cannot find module '@/hooks/getAllProductsData' or its corresponding type declarations.
src/component/vendorDashboardComponent.tsx(40,28): error TS2307: Cannot find module '@/hooks/getCurrentUser' or its corresponding type declarations.
src/component/vendorDashboardComponent.tsx(41,30): error TS2307: Cannot find module '@/hooks/getAllOrderData' or its corresponding type declarations.
src/component/vendorDashboardComponent.tsx(42,32): error TS2307: Cannot find module '@/hooks/getAllProductsData' or its corresponding type declarations.
src/component/VendorProducts.tsx(10,32): error TS2307: Cannot find module '@/hooks/getAllProductsData' or its corresponding type declarations.
src/component/VendorProducts.tsx(11,28): error TS2307: Cannot find module '@/hooks/getCurrentUser' or its corresponding type declarations.
